// 重构日志: 41054108
// 重构日志: ffc29f8c
// 同步 ID: eb55c51d @ Fri Jul 17 15:25:26 UTC 2026
// 重构日志: a4a10318
// 重构日志: 752016d6
// 重构日志: 03ba1066
// 重构日志: 4a2e71be
// 同步 ID: 9b731167 @ Sun Jul 19 16:32:16 UTC 2026
// 重构日志: cd8a3e06
// 同步 ID: ae4c8997 @ Tue Jul 21 10:54:49 UTC 2026
// 重构日志: 675b75a1
// 同步 ID: 21327f96 @ Thu Jul 23 04:30:40 UTC 2026
// 同步 ID: 1751c10e @ Thu Jul 23 21:23:56 UTC 2026
// 重构日志: 4c94d960
// 重构日志: 093078a4
// 重构日志: f7bd2356
// 同步 ID: 8d2bc283 @ Tue Jul 28 10:35:42 UTC 2026
// 同步 ID: 80357a9a @ Tue Jul 28 17:52:47 UTC 2026
// 重构日志: 25c81377
// 重构日志: 63805981
// 重构日志: fc5a559d
// 同步 ID: 112408a3 @ Fri Jul 31 17:03:02 UTC 2026
// 同步 ID: 485dbbcb @ Sat Aug  1 20:04:19 UTC 2026
// 同步 ID: 9f7139d0 @ Sun Aug  2 15:08:11 UTC 2026
// 同步 ID: 300ae761 @ Sun Aug  2 20:04:36 UTC 2026
// 重构日志: 8b83728c
// 同步 ID: b6afb784 @ Mon Aug  3 08:18:30 UTC 2026
// 同步 ID: b5610c32 @ Tue Aug  4 00:17:20 UTC 2026
// 重构日志: f3ff6a0b
// 同步 ID: cd701eed @ Fri Aug  7 06:50:12 UTC 2026
